{'system_product_name': u'PowerEdge M520', 'system_serial_number': u'B7ZB5Z1', 'system_family': u'Not Specified', 'BIOS_vendor': u'Dell Inc.', 'chassis_type': u'Multi-system', 'system_uuid': u'4C4C4544-0037-5A10-8042-C2C04F355A31', 'system_manufacturer': u'Dell Inc.', 'chassis_manufacturer': u'Dell Inc.', 'BIOS_release_date': u'01/20/2014', 'BIOS_version': u'2.1.3', 'BIOS_revision': u'2.1', 'system_version': u'Not Specified'}
